---
source: ferritin/src/tests.rs
expression: "render_for_tests(Commands::search(\"generic struct\"), OutputMode :: Plain)"
---
Search results for 'generic struct'
================================================================================

  ◦ test-crate::GenericStruct  (Struct) - score: 100.0 (relevance: 100.0, authority: 0.0)
    A generic struct for testing multi-paragraph documentation. [...]

  ◦ alloc::borrow::Borrow  (Trait) - score: 92.8 (relevance: 87.0, authority: 6.7)
    A trait for borrowing data. [...]

  ◦ core::borrow::Borrow  (Trait) - score: 87.2 (relevance: 87.0, authority: 0.2)
    A trait for borrowing data. [...]

  ◦ std::borrow::Borrow  (Trait) - score: 87.2 (relevance: 87.0, authority: 0.2)
    A trait for borrowing data. [...]

  ◦ core::clone::Clone  (Trait) - score: 84.0 (relevance: 83.2, authority: 1.0)
    A common trait that allows explicit creation of a duplicate value. [...]

  ◦ std::clone::Clone  (Trait) - score: 84.0 (relevance: 83.2, authority: 1.0)
    A common trait that allows explicit creation of a duplicate value. [...]

  ◦ core::ops::Deref  (Trait) - score: 80.8 (relevance: 80.0, authority: 1.0)
    Used for immutable dereferencing operations, like *v. [...]

  ◦ std::ops::Deref  (Trait) - score: 80.8 (relevance: 80.0, authority: 1.0)
    Used for immutable dereferencing operations, like *v. [...]

  ◦ core::hash  (Module) - score: 80.0 (relevance: 80.0, authority: 0.0)
    Generic hashing support. [...]

  ◦ std::hash  (Module) - score: 80.0 (relevance: 80.0, authority: 0.0)
    Generic hashing support. [...]
