---
source: ferritin/src/tests.rs
expression: "render_for_tests(Commands::search(\"trigger line-based truncation\"), OutputMode\n:: Tty)"
---
Search results for 'trigger line-based truncation'
================================================================================

  ◦ [test-crate::TestTrait](https://docs.rs/test-crate/0.1.0/test-crate/trait.TestTrait.html)  (Trait) - score: 100.0 (relevance: 100.0, authority:
    0.0)
    A trait for testing extremely long documentation that exceeds line limits. [...]

  ◦ [std::io](http://docs.rust-lang.org/nightly/std/io/index.html)  (Module) - score: 35.6 (relevance: 32.7, authority: 8.9)
    Traits, helpers, and type definitions for core I/O functionality. [...]

  ◦ [core::line](http://docs.rust-lang.org/nightly/core/macro.line.html)  (Macro) - score: 35.3 (relevance: 35.2, authority: 0.4)
    Expands to the line number on which it was invoked. [...]

  ◦ [std::line](http://docs.rust-lang.org/nightly/core/macro.line.html)  (Macro) - score: 35.3 (relevance: 35.2, authority: 0.4)
    Expands to the line number on which it was invoked. [...]

  ◦ [core::arch::x86::_mm_prefetch](http://docs.rust-lang.org/nightly/core/core_arch/x86/sse/fn._mm_prefetch.html)  (Function) - score: 30.1 (relevance: 30.1,
    authority: 0.0)
    Fetch the cache line that contains address p using the given STRATEGY. [...]

  ◦ [std::arch::x86::_mm_prefetch](http://docs.rust-lang.org/nightly/core/core_arch/x86/sse/fn._mm_prefetch.html)  (Function) - score: 30.1 (relevance: 30.1,
    authority: 0.0)
    Fetch the cache line that contains address p using the given STRATEGY. [...]

  ◦ [alloc::collections::BTreeMap](http://docs.rust-lang.org/nightly/alloc/collections/btree/map/struct.BTreeMap.html)  (Struct) - score: 29.9 (relevance: 16.6,
    authority: 80.0)
    An ordered map based on a [B-Tree](https://en.wikipedia.org/wiki/B-tree). [...]

  ◦ [std::sync::Mutex](http://docs.rust-lang.org/nightly/std/sync/poison/mutex/struct.Mutex.html)  (Struct) - score: 29.8 (relevance: 28.7, authority: 3.9)
    A mutual exclusion primitive useful for protecting shared data [...]

  ◦ [core::column](http://docs.rust-lang.org/nightly/core/macro.column.html)  (Macro) - score: 28.7 (relevance: 28.6, authority: 0.4)
    Expands to the column number at which it was invoked. [...]

  ◦ [std::column](http://docs.rust-lang.org/nightly/core/macro.column.html)  (Macro) - score: 28.7 (relevance: 28.6, authority: 0.4)
    Expands to the column number at which it was invoked. [...]
