---
source: ferritin/src/tests.rs
expression: "render_for_tests(Commands::get(\"crate::DoesNotExist\"), OutputMode :: Tty)"
---
Could not find 'crate::DoesNotExist'

Did you mean:

  ◦ [crate::submodule](https://docs.rs/fixture-crate/0.1.0/fixture-crate/submodule/index.html)

  ◦ [crate::link_resolution_tests](https://docs.rs/fixture-crate/0.1.0/fixture-crate/link_resolution_tests/index.html)

  ◦ [crate::reexport_mod](https://docs.rs/fixture-crate/0.1.0/fixture-crate/reexport_mod/index.html)

  ◦ [crate::markdown_test](https://docs.rs/fixture-crate/0.1.0/fixture-crate/markdown_test/index.html)

  ◦ [crate::namespace_collisions](https://docs.rs/fixture-crate/0.1.0/fixture-crate/namespace_collisions/index.html)
